25 entries, A + 1 = 2B, A has 262353 digits
x_1       3 bits  probable prime  2^(A+1) = 1 mod x: yes  factors {5: 1}  squarefree: yes  primes q with q-1 not dividing A+1: []
x_2       3 bits  probable prime  2^(A+1) = 1 mod x: yes  factors {7: 1}  squarefree: yes  primes q with q-1 not dividing A+1: []
x_3       4 bits  probable prime  2^(A+1) = 1 mod x: yes  factors {13: 1}  squarefree: yes  primes q with q-1 not dividing A+1: []
x_4       5 bits  probable prime  2^(A+1) = 1 mod x: yes  factors {17: 1}  squarefree: yes  primes q with q-1 not dividing A+1: []
x_5       5 bits  probable prime  2^(A+1) = 1 mod x: yes  factors {19: 1}  squarefree: yes  primes q with q-1 not dividing A+1: []
x_6       5 bits  probable prime  2^(A+1) = 1 mod x: yes  factors {23: 1}  squarefree: yes  primes q with q-1 not dividing A+1: []
x_7       5 bits  composite       2^(A+1) = 1 mod x: no  factors {5: 2}  squarefree: no  primes q with q-1 not dividing A+1: []
x_8       6 bits  probable prime  2^(A+1) = 1 mod x: yes  factors {37: 1}  squarefree: yes  primes q with q-1 not dividing A+1: []
x_9       7 bits  composite       2^(A+1) = 1 mod x: yes  factors {7: 1, 17: 1}  squarefree: yes  primes q with q-1 not dividing A+1: []
x_10     18 bits  composite       2^(A+1) = 1 mod x: no  factors {13: 1, 11351: 1}  squarefree: yes  primes q with q-1 not dividing A+1: [11351]
x_11     26 bits  composite       2^(A+1) = 1 mod x: no  factors {17: 1, 2680661: 1}  squarefree: yes  primes q with q-1 not dividing A+1: [2680661]
x_12     56 bits  composite       2^(A+1) = 1 mod x: no
x_13    107 bits  composite       2^(A+1) = 1 mod x: no
x_14    217 bits  composite       2^(A+1) = 1 mod x: no
x_15    421 bits  composite       2^(A+1) = 1 mod x: no
x_16    842 bits  composite       2^(A+1) = 1 mod x: no
x_17   1702 bits  composite       2^(A+1) = 1 mod x: no
x_18   3404 bits  composite       2^(A+1) = 1 mod x: no
x_19   6815 bits  composite       2^(A+1) = 1 mod x: no
x_20  13620 bits  composite       2^(A+1) = 1 mod x: no
x_21  27234 bits  composite       2^(A+1) = 1 mod x: no
x_22  54465 bits  composite       2^(A+1) = 1 mod x: no
x_23 108937 bits  composite       2^(A+1) = 1 mod x: no
x_24 217868 bits  composite       2^(A+1) = 1 mod x: no
x_25 435757 bits  composite       2^(A+1) = 1 mod x: no
