k=3 eps=-1 with3=True: prefixes 1, admissible t 1, checked 1, integer solutions 1, admissible 1, admissible and 3-free 0
    ((3, 5, 15), True, False)
k=3 eps=+1 with3=True: prefixes 1, admissible t 1, checked 1, integer solutions 1, admissible 1, admissible and 3-free 1
    ((3, 5, 17), True, True)
k=4 eps=-1 with3=True: prefixes 2, admissible t 2, checked 2, integer solutions 1, admissible 1, admissible and 3-free 0
    ((3, 5, 17, 255), True, False)
k=4 eps=+1 with3=True: prefixes 2, admissible t 2, checked 2, integer solutions 1, admissible 1, admissible and 3-free 1
    ((3, 5, 17, 257), True, True)
k=5 eps=-1 with3=True: prefixes 3, admissible t 8, checked 8, integer solutions 2, admissible 2, admissible and 3-free 0
    ((3, 5, 17, 257, 65535), True, False)
    ((3, 5, 17, 285, 2507), True, False)
k=5 eps=+1 with3=True: prefixes 3, admissible t 8, checked 8, integer solutions 2, admissible 2, admissible and 3-free 2
    ((3, 5, 17, 257, 65537), True, True)
    ((3, 5, 17, 353, 929), True, True)
k=6 eps=-1 with3=True: prefixes 7, admissible t 175, checked 175, integer solutions 7, admissible 7, admissible and 3-free 0
    ((3, 5, 17, 257, 65537, 4294967295), True, False)
    ((3, 5, 17, 257, 65717, 23794275), True, False)
    ((3, 5, 17, 257, 65555, 226112997), True, False)
    ((3, 5, 17, 257, 68975, 1314417), True, False)
    ((3, 5, 17, 353, 929, 83623935), True, False)
    ((3, 5, 17, 377, 1217, 2295), True, False)
    ((3, 5, 17, 395, 1059, 2303), True, False)
k=6 eps=+1 with3=True: prefixes 7, admissible t 175, checked 175, integer solutions 4, admissible 4, admissible and 3-free 3
    ((3, 5, 17, 257, 65537, 4294967297), True, True)
    ((3, 5, 17, 257, 65729, 22318913), True, True)
    ((3, 5, 17, 353, 929, 83623937), True, True)
    ((3, 5, 17, 365, 855, 7234467), True, False)
k=7 eps=-1 with3=True: prefixes 69, admissible t 49102, checked 49102, integer solutions 41, admissible 41, admissible and 3-free 5
    ((3, 5, 17, 257, 65537, 4294967297, 18446744073709551615), True, False)
    ((3, 5, 17, 257, 65537, 4294968305, 18282208526299887), True, False)
    ((3, 5, 17, 257, 65537, 4294967375, 233503093781227857), True, False)
    ((3, 5, 17, 257, 65537, 4295047007, 231424601693025), True, False)
    ((3, 5, 17, 257, 65537, 4294967367, 259813301047285385), True, False)
    ((3, 5, 17, 257, 65537, 4295038935, 257500129211417), True, False)
    ((3, 5, 17, 257, 65537, 4294972905, 3288780203224487), True, False)
    ((3, 5, 17, 257, 65537, 4300626777, 3263735907095), True, False)
    ((3, 5, 17, 257, 65537, 4294967307, 1676976737878111325), True, False)
    ((3, 5, 17, 257, 65537, 4294978395, 1662022861452077), True, False)
    ((3, 5, 17, 257, 65537, 4294968165, 21227557884627347), True, False)
    ((3, 5, 17, 257, 65537, 4295844117, 21042504669635), True, False)
    ((3, 5, 17, 257, 65537, 4294968077, 23619394908814395), True, False)
    ((3, 5, 17, 257, 65537, 4295755325, 23413007171307), True, False)
    ((3, 5, 17, 257, 65537, 4295028995, 298983922990677), True, False)
    ((3, 5, 17, 257, 65537, 4357221587, 300607780005), True, False)
    ((3, 5, 17, 257, 65543, 613622973, 8815156799949437), True, False)
    ((3, 5, 17, 257, 65543, 613627757, 78010845360333), True, False)
    ((3, 5, 17, 257, 65555, 226113003, 8596590110981999), True, False)
    ((3, 5, 17, 257, 65583, 91446429, 1862725578762405), True, False)
    ((3, 5, 17, 257, 65729, 22318913, 96139834027933695), True, False)
    ((3, 5, 17, 257, 65855, 14660375, 175338855), True, False)
    ((3, 5, 17, 257, 66023, 8884637, 90028574052093), True, False)
    ((3, 5, 17, 257, 66035, 12360093, 29069129), True, False)
    ((3, 5, 17, 257, 66527, 4399443, 249102573029243), True, False)
    ((3, 5, 17, 257, 70953, 1015619, 5544845), True, True)
    ((3, 5, 17, 257, 72113, 719417, 599253543), True, False)
    ((3, 5, 17, 257, 72939, 645693, 6040018747905), True, False)
    ((3, 5, 17, 257, 75273, 506627, 1912164594413), True, True)
    ((3, 5, 17, 257, 85185, 288275, 19698725), True, True)
    ((3, 5, 17, 257, 103943, 199577, 1593393), True, False)
    ((3, 5, 17, 257, 104093, 176927, 1175218174293), True, False)
    ((3, 5, 17, 263, 9585, 27948617, 125635487981969), True, True)
    ((3, 5, 17, 263, 11159, 78249, 506759), True, False)
    ((3, 5, 17, 269, 5279, 19059029, 809372846673), True, False)
    ((3, 5, 17, 269, 5283, 5104049, 80419259566169), True, True)
    ((3, 5, 17, 353, 929, 83623937, 6992962672132095), True, False)
    ((3, 5, 17, 353, 929, 84866225, 5712718767), True, False)
    ((3, 5, 17, 353, 929, 83623955, 368050746176997), True, False)
    ((3, 5, 17, 353, 929, 107227427, 379892085), True, False)
    ((3, 5, 17, 419, 659, 172587, 68725637), True, False)
k=7 eps=+1 with3=True: prefixes 69, admissible t 49102, checked 49102, integer solutions 15, admissible 15, admissible and 3-free 9
    ((3, 5, 17, 257, 65537, 4294967297, 18446744073709551617), True, True)
    ((3, 5, 17, 257, 65543, 616260663, 143362392705), True, False)
    ((3, 5, 17, 257, 65613, 58904109, 1074750137), True, False)
    ((3, 5, 17, 257, 65727, 22568519, 30685694793), True, False)
    ((3, 5, 17, 257, 65729, 22318913, 96139834027933697), True, True)
    ((3, 5, 17, 257, 65777, 17932539, 6998187363), True, False)
    ((3, 5, 17, 257, 65783, 17455487, 180835052729), True, True)
    ((3, 5, 17, 257, 70919, 863405, 148255339379), True, True)
    ((3, 5, 17, 257, 77339, 429429, 17095035495), True, False)
    ((3, 5, 17, 257, 88743, 275919, 2731577), True, False)
    ((3, 5, 17, 353, 929, 83623937, 6992962672132097), True, True)
    ((3, 5, 17, 353, 929, 83804033, 38912491649), True, True)
    ((3, 5, 17, 353, 929, 83624003, 104372659571819), True, True)
    ((3, 5, 17, 353, 929, 95690435, 663159275), True, True)
    ((3, 5, 23, 59, 335, 358895, 40119312917), True, True)
