k=3 eps=-1 with3=True: nodes 2, leaves 1, solutions 1, s values [2]
    (3, 5, 15)
k=3 eps=+1 with3=True: nodes 2, leaves 1, solutions 1, s values [1]
    (3, 5, 17)
k=4 eps=-1 with3=True: nodes 5, leaves 2, solutions 1, s values [2]
    (3, 5, 17, 255)
k=4 eps=+1 with3=True: nodes 5, leaves 2, solutions 1, s values [1]
    (3, 5, 17, 257)
k=5 eps=-1 with3=True: nodes 20, leaves 11, solutions 2, s values [2]
    (3, 5, 17, 257, 65535)
    (3, 5, 17, 285, 2507)
k=5 eps=+1 with3=True: nodes 20, leaves 11, solutions 2, s values [1]
    (3, 5, 17, 257, 65537)
    (3, 5, 17, 353, 929)
k=6 eps=-1 with3=True: nodes 279, leaves 246, solutions 8, s values [2, 4]
    (3, 5, 17, 257, 65537, 4294967295)
    (3, 5, 17, 257, 65717, 23794275)
    (3, 5, 17, 257, 65555, 226112997)
    (3, 5, 17, 257, 68975, 1314417)
    (3, 5, 17, 353, 929, 83623935)
    (3, 5, 17, 377, 1217, 2295)
    (3, 5, 17, 395, 1059, 2303)
    (3, 5, 33, 53, 69, 8343)
k=6 eps=+1 with3=True: nodes 279, leaves 246, solutions 4, s values [1, 3]
    (3, 5, 17, 257, 65537, 4294967297)
    (3, 5, 17, 257, 65729, 22318913)
    (3, 5, 17, 353, 929, 83623937)
    (3, 5, 17, 365, 855, 7234467)
k=7 eps=-1 with3=True: nodes 86528, leaves 86075, solutions 47, s values [2, 4]
    (3, 5, 17, 257, 65537, 4294967297, 18446744073709551615)
    (3, 5, 17, 257, 65537, 4294968305, 18282208526299887)
    (3, 5, 17, 257, 65537, 4294967375, 233503093781227857)
    (3, 5, 17, 257, 65537, 4295047007, 231424601693025)
    (3, 5, 17, 257, 65537, 4294967367, 259813301047285385)
    (3, 5, 17, 257, 65537, 4295038935, 257500129211417)
    (3, 5, 17, 257, 65537, 4294972905, 3288780203224487)
    (3, 5, 17, 257, 65537, 4300626777, 3263735907095)
    (3, 5, 17, 257, 65537, 4294967307, 1676976737878111325)
    (3, 5, 17, 257, 65537, 4294978395, 1662022861452077)
    (3, 5, 17, 257, 65537, 4294968165, 21227557884627347)
    (3, 5, 17, 257, 65537, 4295844117, 21042504669635)
    (3, 5, 17, 257, 65537, 4294968077, 23619394908814395)
    (3, 5, 17, 257, 65537, 4295755325, 23413007171307)
    (3, 5, 17, 257, 65537, 4295028995, 298983922990677)
    (3, 5, 17, 257, 65537, 4357221587, 300607780005)
    (3, 5, 17, 257, 65543, 613622973, 8815156799949437)
    (3, 5, 17, 257, 65543, 613627757, 78010845360333)
    (3, 5, 17, 257, 65555, 226113003, 8596590110981999)
    (3, 5, 17, 257, 65583, 91446429, 1862725578762405)
    (3, 5, 17, 257, 65729, 22318913, 96139834027933695)
    (3, 5, 17, 257, 65855, 14660375, 175338855)
    (3, 5, 17, 257, 66023, 8884637, 90028574052093)
    (3, 5, 17, 257, 66035, 12360093, 29069129)
    (3, 5, 17, 257, 66527, 4399443, 249102573029243)
    (3, 5, 17, 257, 70953, 1015619, 5544845)
    (3, 5, 17, 257, 72113, 719417, 599253543)
    (3, 5, 17, 257, 72939, 645693, 6040018747905)
    (3, 5, 17, 257, 75273, 506627, 1912164594413)
    (3, 5, 17, 257, 85185, 288275, 19698725)
    (3, 5, 17, 257, 103943, 199577, 1593393)
    (3, 5, 17, 257, 104093, 176927, 1175218174293)
    (3, 5, 17, 263, 9585, 27948617, 125635487981969)
    (3, 5, 17, 263, 11159, 78249, 506759)
    (3, 5, 17, 269, 5279, 19059029, 809372846673)
    (3, 5, 17, 269, 5283, 5104049, 80419259566169)
    (3, 5, 17, 287, 2363, 4762259, 252056385)
    (3, 5, 17, 353, 929, 83623937, 6992962672132095)
    (3, 5, 17, 353, 929, 84866225, 5712718767)
    (3, 5, 17, 353, 929, 83623955, 368050746176997)
    (3, 5, 17, 353, 929, 107227427, 379892085)
    (3, 5, 17, 363, 887, 36705, 1780076619)
    (3, 5, 17, 365, 855, 7234467, 575712553701375)
    (3, 5, 17, 387, 755, 837215, 12806102345)
    (3, 5, 17, 419, 659, 172587, 68725637)
    (3, 5, 23, 95, 207, 215, 85803023)
    (3, 5, 27, 45, 233, 42489, 1389617)
k=7 eps=+1 with3=True: nodes 86528, leaves 86075, solutions 18, s values [1, 3, 5]
    (3, 5, 17, 257, 65537, 4294967297, 18446744073709551617)
    (3, 5, 17, 257, 65543, 616260663, 143362392705)
    (3, 5, 17, 257, 65613, 58904109, 1074750137)
    (3, 5, 17, 257, 65727, 22568519, 30685694793)
    (3, 5, 17, 257, 65729, 22318913, 96139834027933697)
    (3, 5, 17, 257, 65777, 17932539, 6998187363)
    (3, 5, 17, 257, 65783, 17455487, 180835052729)
    (3, 5, 17, 257, 70919, 863405, 148255339379)
    (3, 5, 17, 257, 77339, 429429, 17095035495)
    (3, 5, 17, 257, 88743, 275919, 2731577)
    (3, 5, 17, 267, 6585, 103329, 99200204379)
    (3, 5, 17, 353, 929, 83623937, 6992962672132097)
    (3, 5, 17, 353, 929, 83804033, 38912491649)
    (3, 5, 17, 353, 929, 83624003, 104372659571819)
    (3, 5, 17, 353, 929, 95690435, 663159275)
    (3, 5, 17, 365, 855, 7234467, 575712553701377)
    (3, 5, 17, 365, 855, 7266603, 1635855209)
    (3, 5, 23, 59, 335, 358895, 40119312917)
