n - 1 = 2 phi(n), k = 15, depth 12: frontier nodes=54985, total width=1.005e+09, <1e3: 34509, 1e3..1e6: 20390, >1e6: 86, >1e7: 11
   width=109924750  prefix=[5, 7, 13, 17, 19, 23, 37, 59, 67, 89, 173, 25867]  T-1=1.819e-08
   width=39179196  prefix=[5, 7, 13, 17, 19, 23, 37, 59, 67, 89, 173, 25889]  T-1=5.105e-08
   width=28485394  prefix=[5, 7, 13, 17, 19, 23, 37, 59, 67, 73, 317, 5483]  T-1=7.021e-08
   width=27806724  prefix=[5, 7, 13, 17, 19, 23, 37, 59, 67, 89, 173, 25903]  T-1=7.193e-08
   width=23035166  prefix=[5, 7, 13, 17, 19, 23, 37, 59, 67, 89, 173, 25913]  T-1=8.682e-08
   width=20886096  prefix=[5, 7, 13, 17, 19, 23, 37, 59, 67, 89, 173, 25919]  T-1=9.576e-08
n + 1 = 2 phi(n), k = 8, depth 5: frontier nodes=10459, total width=1.305e+10, <1e3: 1564, 1e3..1e6: 8569, >1e6: 326, >1e7: 34
   width=8589934590  prefix=[3, 5, 17, 257, 65537]  T-1=2.328e-10
   width=1227245858  prefix=[3, 5, 17, 257, 65543]  T-1=1.630e-09
   width=199893942  prefix=[3, 5, 17, 257, 65579]  T-1=1.001e-08
   width=167247870  prefix=[3, 5, 17, 353, 929]  T-1=1.196e-08
   width=117799612  prefix=[3, 5, 17, 257, 65609]  T-1=1.698e-08
   width=88685746  prefix=[3, 5, 17, 257, 65633]  T-1=2.255e-08
n + 1 = 2 phi(n), k = 8, 3 | n: 10458 prefixes, 651725354 primes p_6 in their intervals, 228260561 admissible
   admissible 131788942  primes 376346661  prefix=[3, 5, 17, 257, 65537]
   admissible 20584033  primes 58780037  prefix=[3, 5, 17, 257, 65543]
   admissible 3672196  primes 10485621  prefix=[3, 5, 17, 257, 65579]
   admissible 3101004  primes 8855948  prefix=[3, 5, 17, 353, 929]
profile eps=-1 k= 7: [1, 2, 3, 1, 1, 0]
profile eps=-1 k= 8: [1, 3, 4, 4, 3, 2, 1]
profile eps=-1 k= 9: [1, 4, 6, 5, 7, 4, 1, 1]
profile eps=-1 k=10: [1, 4, 8, 10, 9, 5, 3, 1, 1]
profile eps=-1 k=11: [1, 4, 10, 15, 14, 9, 6, 3, 4, 7]
profile eps=-1 k=12: [1, 5, 12, 19, 17, 14, 8, 7, 12, 29, 63]
profile eps=-1 k=13: [1, 6, 15, 23, 25, 19, 12, 17, 30, 60, 154, 730]
profile eps=-1 k=14: [1, 6, 16, 27, 29, 23, 22, 33, 58, 127, 335, 1654, 29631]
profile eps=+1 k= 7: [1, 2, 3, 1, 1, 0]
profile eps=+1 k= 8: [1, 3, 4, 4, 3, 2, 1]
profile eps=+1 k= 9: [1, 4, 6, 5, 7, 4, 1, 1]
profile eps=+1 k=10: [1, 4, 8, 10, 9, 5, 3, 1, 1]
profile eps=+1 k=11: [1, 4, 10, 15, 14, 9, 6, 3, 4, 7]
profile eps=+1 k=12: [1, 5, 12, 19, 17, 14, 8, 7, 12, 29, 63]
profile eps=+1 k=13: [1, 6, 15, 23, 25, 19, 12, 17, 30, 60, 154, 730]
profile eps=+1 k=14: [1, 6, 16, 27, 29, 23, 22, 33, 58, 127, 335, 1654, 29631]
(221s)
